I'm sorry, but errors were detected in your script. Please correct the
errors listed below, and try again.


File "game/script.rpy", line 35: expected statement.
    renpy.input("What is your wallet address?", length=32)
                                                          ^

Ren'Py Version: Ren'Py 7.4.11.2266
Sun May 22 03:01:45 2022
